[foo, -1, 0] => foo, -2, 0 
[foo, -1, 1] => foo, -2, 0 
[foo, -1, 49] => foo, -2, 47 
[foo, -1, 55] => foo, -2, 53 
[foo, 0, 0] => foo, -1, 0 
[foo, 0, 1] => foo, -1, 0 
[foo, 0, 49] => foo, -1, 47 
[foo, 0, 55] => foo, -1, 53 
[foo, 5, 0] => foo, 4, 0 
[foo, 5, 1] => foo, 4, 0 
[foo, 5, 49] => foo, 4, 48 
[foo, 5, 55] => foo, 4, 54 
[foo, 12, 0] => foo, 11, 0 
[foo, 12, 1] => foo, 11, 0 
[foo, 12, 49] => foo, 11, 48 
[foo, 12, 55] => foo, 11, 54 
[Aged Brie, -1, 0] => Aged Brie, -2, 2 
[Aged Brie, -1, 1] => Aged Brie, -2, 3 
[Aged Brie, -1, 49] => Aged Brie, -2, 50 
[Aged Brie, -1, 55] => Aged Brie, -2, 55 
[Aged Brie, 0, 0] => Aged Brie, -1, 2 
[Aged Brie, 0, 1] => Aged Brie, -1, 3 
[Aged Brie, 0, 49] => Aged Brie, -1, 50 
[Aged Brie, 0, 55] => Aged Brie, -1, 55 
[Aged Brie, 5, 0] => Aged Brie, 4, 1 
[Aged Brie, 5, 1] => Aged Brie, 4, 2 
[Aged Brie, 5, 49] => Aged Brie, 4, 50 
[Aged Brie, 5, 55] => Aged Brie, 4, 55 
[Aged Brie, 12, 0] => Aged Brie, 11, 1 
[Aged Brie, 12, 1] => Aged Brie, 11, 2 
[Aged Brie, 12, 49] => Aged Brie, 11, 50 
[Aged Brie, 12, 55] => Aged Brie, 11, 55 
[Backstage passes to a TAFKAL80ETC concert, -1, 0] => Backstage passes to a TAFKAL80ETC concert, -2, 0 
[Backstage passes to a TAFKAL80ETC concert, -1, 1] => Backstage passes to a TAFKAL80ETC concert, -2, 0 
[Backstage passes to a TAFKAL80ETC concert, -1, 49] => Backstage passes to a TAFKAL80ETC concert, -2, 0 
[Backstage passes to a TAFKAL80ETC concert, -1, 55] => Backstage passes to a TAFKAL80ETC concert, -2, 0 
[Backstage passes to a TAFKAL80ETC concert, 0, 0] => Backstage passes to a TAFKAL80ETC concert, -1, 0 
[Backstage passes to a TAFKAL80ETC concert, 0, 1] => Backstage passes to a TAFKAL80ETC concert, -1, 0 
[Backstage passes to a TAFKAL80ETC concert, 0, 49] => Backstage passes to a TAFKAL80ETC concert, -1, 0 
[Backstage passes to a TAFKAL80ETC concert, 0, 55] => Backstage passes to a TAFKAL80ETC concert, -1, 0 
[Backstage passes to a TAFKAL80ETC concert, 5, 0] => Backstage passes to a TAFKAL80ETC concert, 4, 3 
[Backstage passes to a TAFKAL80ETC concert, 5, 1] => Backstage passes to a TAFKAL80ETC concert, 4, 4 
[Backstage passes to a TAFKAL80ETC concert, 5, 49] => Backstage passes to a TAFKAL80ETC concert, 4, 50 
[Backstage passes to a TAFKAL80ETC concert, 5, 55] => Backstage passes to a TAFKAL80ETC concert, 4, 55 
[Backstage passes to a TAFKAL80ETC concert, 12, 0] => Backstage passes to a TAFKAL80ETC concert, 11, 1 
[Backstage passes to a TAFKAL80ETC concert, 12, 1] => Backstage passes to a TAFKAL80ETC concert, 11, 2 
[Backstage passes to a TAFKAL80ETC concert, 12, 49] => Backstage passes to a TAFKAL80ETC concert, 11, 50 
[Backstage passes to a TAFKAL80ETC concert, 12, 55] => Backstage passes to a TAFKAL80ETC concert, 11, 55 
[Sulfuras, Hand of Ragnaros, -1, 0] => Sulfuras, Hand of Ragnaros, -1, 0 
[Sulfuras, Hand of Ragnaros, -1, 1] => Sulfuras, Hand of Ragnaros, -1, 1 
[Sulfuras, Hand of Ragnaros, -1, 49] => Sulfuras, Hand of Ragnaros, -1, 49 
[Sulfuras, Hand of Ragnaros, -1, 55] => Sulfuras, Hand of Ragnaros, -1, 55 
[Sulfuras, Hand of Ragnaros, 0, 0] => Sulfuras, Hand of Ragnaros, 0, 0 
[Sulfuras, Hand of Ragnaros, 0, 1] => Sulfuras, Hand of Ragnaros, 0, 1 
[Sulfuras, Hand of Ragnaros, 0, 49] => Sulfuras, Hand of Ragnaros, 0, 49 
[Sulfuras, Hand of Ragnaros, 0, 55] => Sulfuras, Hand of Ragnaros, 0, 55 
[Sulfuras, Hand of Ragnaros, 5, 0] => Sulfuras, Hand of Ragnaros, 5, 0 
[Sulfuras, Hand of Ragnaros, 5, 1] => Sulfuras, Hand of Ragnaros, 5, 1 
[Sulfuras, Hand of Ragnaros, 5, 49] => Sulfuras, Hand of Ragnaros, 5, 49 
[Sulfuras, Hand of Ragnaros, 5, 55] => Sulfuras, Hand of Ragnaros, 5, 55 
[Sulfuras, Hand of Ragnaros, 12, 0] => Sulfuras, Hand of Ragnaros, 12, 0 
[Sulfuras, Hand of Ragnaros, 12, 1] => Sulfuras, Hand of Ragnaros, 12, 1 
[Sulfuras, Hand of Ragnaros, 12, 49] => Sulfuras, Hand of Ragnaros, 12, 49 
[Sulfuras, Hand of Ragnaros, 12, 55] => Sulfuras, Hand of Ragnaros, 12, 55 
